-- lib/extensions.sh included. logs will be below, followed by the debug generated by the initialize_extension_manager() function.
-- initialize_extension_manager() called.
-- hook_point run_after_build
--- hook_point_functions_pre_sort: 999_finish_extension_manager
--- hook_point_functions_sorted_by_sort_id: 999_finish_extension_manager
--- hook_point_functions (final sorted realnames): 999_finish_extension_manager
-- hook_point: run_after_build will run 1 functions: 999_finish_extension_manager
run_after_build() {
echo "*** Extension-managed hook starting 'run_after_build': will run 1 functions: '999_finish_extension_manager'" >>"${EXTENSION_MANAGER_LOG_FILE}"
hook_point_function_trace_sources["run_after_build__999_finish_extension_manager"]="${BASH_SOURCE[*]}"
hook_point_function_trace_lines["run_after_build__999_finish_extension_manager"]="${BASH_LINENO[*]}"
[[ "${DEBUG_EXTENSION_CALLS}" == "yes" ]] && display_alert "---> Extension Method run_after_build" "1/1 (ext:built-in) 999_finish_extension_manager" ""
echo "*** *** Extension-managed hook starting 1/1 'run_after_build__999_finish_extension_manager':" >>"${EXTENSION_MANAGER_LOG_FILE}"
HOOK_POINT="run_after_build" HOOK_POINT_TOTAL_FUNCS="1"  HOOK_ORDER="1" run_after_build__999_finish_extension_manager "$@"
echo "*** *** Extension-managed hook finished 1/1 'run_after_build__999_finish_extension_manager':" >>"${EXTENSION_MANAGER_LOG_FILE}"
echo "*** Extension-managed hook ending 'run_after_build': completed." >>"${EXTENSION_MANAGER_LOG_FILE}"
} # end run_after_build() function
# cleanups: 
unset run_after_build
unset run_after_build__999_finish_extension_manager
[[0;32m o.k. [0m] Extension manager [[0;33m processed 1 Extension Methods calls and 1 Extension Method implementations [0m]
-- Extension Method being called: post_family_config
-- Extension Method being called: config_tweaks_post_family_config
-- Extension Method being called: user_config
-- Extension Method being called: extension_prepare_config
-- Extension Method being called: post_aggregate_packages
-- Extension Method being called: user_config_post_aggregate_packages
-- Extension Method being called: post_determine_cthreads
-- Extension Method being called: config_post_determine_cthreads
